d:\Projects\Vs2012\Test\MonoGame\MarblesGame\MarblesGameSolution\Art\Sheets\GameArt\ArrowDown.png
d:\Projects\Vs2012\Test\MonoGame\MarblesGame\MarblesGameSolution\Art\Sheets\GameArt\ArrowUp.png
d:\Projects\Vs2012\Test\MonoGame\MarblesGame\MarblesGameSolution\Art\Sheets\GameArt\blue.png
d:\Projects\Vs2012\Test\MonoGame\MarblesGame\MarblesGameSolution\Art\Sheets\GameArt\brown.png
d:\Projects\Vs2012\Test\MonoGame\MarblesGame\MarblesGameSolution\Art\Sheets\GameArt\Clock.png
d:\Projects\Vs2012\Test\MonoGame\MarblesGame\MarblesGameSolution\Art\Sheets\GameArt\Danger.png
d:\Projects\Vs2012\Test\MonoGame\MarblesGame\MarblesGameSolution\Art\Sheets\GameArt\gray.png
d:\Projects\Vs2012\Test\MonoGame\MarblesGame\MarblesGameSolution\Art\Sheets\GameArt\green.png
d:\Projects\Vs2012\Test\MonoGame\MarblesGame\MarblesGameSolution\Art\Sheets\GameArt\orange.png
d:\Projects\Vs2012\Test\MonoGame\MarblesGame\MarblesGameSolution\Art\Sheets\GameArt\PauseButton-Pause.png
d:\Projects\Vs2012\Test\MonoGame\MarblesGame\MarblesGameSolution\Art\Sheets\GameArt\PauseButton-Resume.png
d:\Projects\Vs2012\Test\MonoGame\MarblesGame\MarblesGameSolution\Art\Sheets\GameArt\purple.png
d:\Projects\Vs2012\Test\MonoGame\MarblesGame\MarblesGameSolution\Art\Sheets\GameArt\red.png
d:\Projects\Vs2012\Test\MonoGame\MarblesGame\MarblesGameSolution\Art\Sheets\GameArt\silver.png
d:\Projects\Vs2012\Test\MonoGame\MarblesGame\MarblesGameSolution\Art\Sheets\GameArt\SoundsButton-Off.png
d:\Projects\Vs2012\Test\MonoGame\MarblesGame\MarblesGameSolution\Art\Sheets\GameArt\SoundsButton-On.png
d:\Projects\Vs2012\Test\MonoGame\MarblesGame\MarblesGameSolution\Art\Sheets\GameArt\StarBall2.jpg
d:\Projects\Vs2012\Test\MonoGame\MarblesGame\MarblesGameSolution\Art\Sheets\GameArt\SwapDown.png
d:\Projects\Vs2012\Test\MonoGame\MarblesGame\MarblesGameSolution\Art\Sheets\GameArt\SwapRight.png
d:\Projects\Vs2012\Test\MonoGame\MarblesGame\MarblesGameSolution\Art\Sheets\GameArt\yellow.png
d:\Projects\Vs2012\Test\MonoGame\MarblesGame\MarblesGameSolution\Art\Sheets\GameArt\ArrowLeftRight.png
d:\Projects\Vs2012\Test\MonoGame\MarblesGame\MarblesGameSolution\Art\Sheets\GameArt\ArrowUpDown.png
d:\Projects\Vs2012\Test\MonoGame\MarblesGame\MarblesGameSolution\Art\Sheets\GameArt\ArrowUpDownLeftRight.png
d:\Projects\Vs2012\Test\MonoGame\MarblesGame\MarblesGameSolution\Art\Sheets\GameArt\XArrows.png
d:\Projects\Vs2012\Test\MonoGame\MarblesGame\MarblesGameSolution\Art\Sheets\GameArt\circle.png
d:\Projects\Vs2012\Test\MonoGame\MarblesGame\MarblesGameSolution\Art\Sheets\GameArt\star.png
d:\Projects\Vs2012\Test\MonoGame\MarblesGame\MarblesGameSolution\Art\Sheets\GameArt\diamond.png
d:\Projects\Vs2012\Test\MonoGame\MarblesGame\MarblesGameSolution\Art\Sheets\GameArt\ReplayButton.png
d:\Projects\Vs2012\Test\MonoGame\MarblesGame\MarblesGameSolution\Art\Sheets\GameArt\HandSmall.png
d:\Projects\Vs2012\Test\MonoGame\MarblesGame\MarblesGameSolution\Art\Sheets\GameArt\Color.png
d:\Projects\Vs2012\Test\MonoGame\MarblesGame\MarblesGameSolution\Art\Sheets\GameArt\Explosion.png
d:\Projects\Vs2012\Test\MonoGame\MarblesGame\MarblesGameSolution\Art\Sheets\GameArt\Help.png
d:\Projects\Vs2012\Test\MonoGame\MarblesGame\MarblesGameSolution\Art\Sheets\GameArt\blank.png
d:\Projects\Vs2012\Test\MonoGame\MarblesGame\MarblesGameSolution\Art\Sheets\GameArt\PurpleBgTile1.png
d:\Projects\Vs2012\Test\MonoGame\MarblesGame\MarblesGameSolution\Art\Sheets\GameArt\BackButton.png
